MPLINK 4.49, Linker
Linker Map File - Created Thu Oct 11 13:23:58 2018

                                 Section Info
                  Section       Type    Address   Location Size(Bytes)
                ---------  ---------  ---------  ---------  ---------
                   .org_0       code   0x000000    program   0x000000
                   .org_1       code   0x000000    program   0x000002
                   .org_2       code   0x000004    program   0x000002
                   .org_3       code   0x000009    program   0x000042
.config_2007_PWM_DENEME.O       code   0x002007    program   0x000002



                              Program Memory Usage 
                               Start         End      
                           ---------   ---------      
                            0x000000    0x000000      
                            0x000004    0x000004      
                            0x000009    0x000029      
                            0x002007    0x002007      
            36 out of 8454 program addresses used, program memory utilization is 0%



                              Symbols - Sorted by Name
                     Name    Address   Location    Storage File                     
                ---------  ---------  ---------  --------- ---------                
                     ACIK   0x00001f    program     static C:\micro\PWM_Deneme\PWM_Deneme.ASM
                     AYAR   0x00000b    program     static C:\micro\PWM_Deneme\PWM_Deneme.ASM
                     GEC1   0x000027    program     static C:\micro\PWM_Deneme\PWM_Deneme.ASM
                   KAPALI   0x000022    program     static C:\micro\PWM_Deneme\PWM_Deneme.ASM
                    KESME   0x00000a    program     static C:\micro\PWM_Deneme\PWM_Deneme.ASM
                     MAIN   0x000012    program     static C:\micro\PWM_Deneme\PWM_Deneme.ASM
               US125GECIK   0x000025    program     static C:\micro\PWM_Deneme\PWM_Deneme.ASM



                              Symbols - Sorted by Address
                     Name    Address   Location    Storage File                     
                ---------  ---------  ---------  --------- ---------                
                    KESME   0x00000a    program     static C:\micro\PWM_Deneme\PWM_Deneme.ASM
                     AYAR   0x00000b    program     static C:\micro\PWM_Deneme\PWM_Deneme.ASM
                     MAIN   0x000012    program     static C:\micro\PWM_Deneme\PWM_Deneme.ASM
                     ACIK   0x00001f    program     static C:\micro\PWM_Deneme\PWM_Deneme.ASM
                   KAPALI   0x000022    program     static C:\micro\PWM_Deneme\PWM_Deneme.ASM
               US125GECIK   0x000025    program     static C:\micro\PWM_Deneme\PWM_Deneme.ASM
                     GEC1   0x000027    program     static C:\micro\PWM_Deneme\PWM_Deneme.ASM


